// Jest Snapshot v1, https://goo.gl/fbAQLP

exports[`Component renders with value 1`] = `
<styled.div
  value="test"
  visible={false}
/>
`;

exports[`Component theme Main 1`] = `
.c0 {
  display: none;
  padding: 5px 10px;
  background: white;
  border: 1px solid grey;
  position: absolute;
}

<div
  className="c0"
/>
`;
